=== QA AUDIT LOG: task-22-remove-top-header-menu ===
Timestamp: 2026-09-26T20:31:46.850533+00:00

[CHECK 1] Git Base and Branch
  Branch: feat/task-22-remove-top-header-menu
  Base Commit: dc22af3a1eb4c2150d22ab883112aede7c4e5ce2 (dc22af3)

[CHECK 2] Diff Snapshot Hash
  Calculated Hash: 8e3df8eb3c00587b56fa5eeb72adf69463d6ac2cc7da62097570d6086f581048
  Recorded Hash in hash.txt: 8e3df8eb3c00587b56fa5eeb72adf69463d6ac2cc7da62097570d6086f581048
  Hash Verification: PASS

[CHECK 3] Diff Boundaries
  Modified Files (9):
    - frontend/public/css/editor.css
    - frontend/public/css/feed.css
    - frontend/public/css/theme.css
    - frontend/public/editor.html
    - frontend/public/feed.html
    - frontend/public/index.html
    - tests/test_design_system_and_icons.py
    - tests/test_feed_page_and_palette.py
    - tests/test_publication_settings_and_moderation.py
  Forbidden Prefix Violations: []
  Boundaries Verification: PASS

[CHECK 4] Full Unit Test Suite Execution
  Exit code: 0
  Summary: ['Ran 186 tests in 0.697s', 'OK']
  Tests Verification: PASS (186/186 OK, 0 FAILURES, 0 ERRORS)

[CHECK 5] Acceptance Criteria Audit
  HTML Header Elements Found: {'frontend/public/index.html': [], 'frontend/public/feed.html': [], 'frontend/public/editor.html': []}
  HTML Templates Clean: PASS
  theme.css --header-height: 0px found: True
  theme.css dead header rules remaining: []
  theme.css Clean: PASS
  editor.css .editor-document-bar top: 0 found: True
  editor.css .sidebar-sticky-wrapper top: 72px found: True
  editor.css Clean: PASS

=================================================
OVERALL QA VERDICT: APPROVED
=================================================
