[QA_CHECK] BASE_COMMIT: 99875d97914b0f247060e7c167d16ef8d69ac5a2
[QA_CHECK] DIFF_SNAPSHOT_HASH: d6e542ce476bdf32b5427ead5868a809dbc5b5635b694b0bef803ae5d5844bba

[QA_CHECK] Boundary Check (git diff)
Only expected files changed. __pycache__ and db files were ignored during snapshot. Core Quill not touched.
A	frontend/public/css/feed.css
D	frontend/public/css/forum_social.css
D	frontend/public/css/hero_constellation.css
D	frontend/public/css/landing_main.css
M	frontend/public/css/theme.css
M	frontend/public/editor.html
M	frontend/public/feed.html
M	frontend/public/index.html
A	frontend/public/js/feed.js
D	frontend/public/js/forum_social.js
D	frontend/public/js/landing_main.js
M	tests/test_feed_page_and_palette.py

[QA_CHECK] Tests
python3 -m unittest discover -s tests -p 'test_*.py' -v
Ran 179 tests in 0.655s
OK

[QA_CHECK] Offline-First (CDNs / external)
Checked via grep. All links are local or SVGs with xmlns. No external CDN requests. PASS.

[QA_CHECK] Emojis
Checked via grep. No emojis found. PASS.

[QA_CHECK] Font Usage
Checked via grep. 'Onest' is used in all relevant files (feed.html, feed.css, theme.css, editor.html, index.html). PASS.

[QA_CHECK] Unified Header
Checked via grep. Both editor.html and feed.html have identical headers with cross-navigation. PASS.
